**Status: Blocked on Missing Input**

I've read the task and context. The issue is that **PRODUCT_IDEA.md is empty** (only template headers with no actual content). I cannot write business requirements, domain model, or user stories without knowing:
- The problem/pain point
- Target users  
- Product vision
- Core use cases
- Must-have features
- Constraints (budget, timeline, tech, compliance, deployment)
- Success metrics

**Action taken:**
1. Filed clarification question **BA_20260516_170937** asking the user to fill in PRODUCT_IDEA.md
2. Updated **memory/BA.md** to record the blocking dependency

**Files changed:** `memory/BA.md` (added blocked status entry)

The Orchestrator will route the user's product idea back to me via the answer file, and I'll immediately proceed to write the business documentation.
[?1006l[?1003l[?1002l[?1000l[>4m[<u[?1004l[?2031l[?2004l[?25h7[r8]0;[?25h================================================================
 NOTIFICATION FILED (from BA)
================================================================
 Subject : Engine session exited (code=0) without an explicit completion notify. Check artifacts under role's output paths to verify status. (Auto-fired by framework safety net — worker may have legitimately finished without calling notify_orchestrator.sh, or may have crashed.)
 File    : .pane_notifications/BA_20260516_170947.md
 The Orchestrator will surface this on the next user turn via
   bash scripts/list_pending_questions.sh
================================================================
/Users/tuan/MyGitHub/learning-vault/projects/nestfi/.pane_tasks/_run_BA_20260516_170915.sh: line 43: 77504 Terminated: 15          ( while :; do
    touch ".pane_heartbeats/${ROLE}.beat" 2> /dev/null || true; sleep 10;
done )
