## Summary

I've completed the Phase 3 (IMPLEMENTATION_PLANNING) backend planning task. Here's what was delivered:

### Files Changed:
1. **`planning/BE_PLAN.md`** — Created comprehensive backend implementation plan (7 sections, ~500 lines)
2. **`memory/BE.md`** — Updated with decisions, conventions, gotchas, and dated entry

### Key Deliverables in BE_PLAN.md:

**1. Module Breakdown** (7 modules)
- Auth: login, JWT tokens, password management
- Users: profile, password change
- Families: creation, membership, invitations (email-based)
- Transactions: create/edit/delete with soft deletes & audit trail
- Categories: custom categories + system defaults, archival
- Admin: superadmin operations (family creation)
- Analytics: dashboard summary & spending trends

**2. ORM & Migration Strategy**
- SQLAlchemy 2.0 with type hints
- Alembic for versioned migrations (run on startup)
- Comprehensive schema with 7 tables, indexes, constraints

**3. API Priorities**
- 21 P0 (v1) endpoints covering all core workflows
- Clear P1 (deferred to v2) list
- Estimated 50 hours (~6-7 days, 1 FTE)

**4. Dependencies & Risks**
- All external deps mature/low-risk (FastAPI, SQLAlchemy, bcrypt, PyJWT)
- Identified risks: schema changes, JWT misconfiguration, email outage, soft-delete bugs, RBAC bypasses
- Mitigation: comprehensive testing strategy, migrations, validation

### Status:
✅ All prerequisites met (SA's TECH_STACK, SOLUTION_ARCHITECTURE, API_CONTRACT; BA's USER_STORIES)  
✅ Ready for Phase 4 (Build) — no blocking questions  
✅ Memory updated for cross-session continuity  
✅ Orchestrator notified
[?1006l[?1003l[?1002l[?1000l[>4m[<u[?1004l[?2031l[?2004l[?25h7[r8]0;[?25h/Users/tuan/MyGitHub/learning-vault/projects/nestfi/.pane_tasks/_run_BE_20260516_173644.sh: line 43: 82172 Terminated: 15          ( while :; do
    touch ".pane_heartbeats/${ROLE}.beat" 2> /dev/null || true; sleep 10;
done )
