Frontend implementation for Phase 4_BUILD is complete. I've created:

**Files Created:**
- 6 pages (Login, Family Selector, Dashboard, Ledger, Settings, Invitation)
- 5 component modules (navbar, forms, modals, alerts, charts)
- APIClient abstraction with 18 endpoint methods
- Main Dash app entry point with multi-page routing
- Dockerfile, requirements.txt, .env.example
- Frontend README with full documentation

**Key Features:**
- Dash multi-page app with URL-based routing
- Dash Bootstrap Components + Plotly charts
- Centralized APIClient for all API calls
- JWT token management via dcc.Store
- 10-second polling for auto-refresh
- Error handling with user-friendly messages
- Responsive design (desktop-first)

**Status:** Scaffolding complete with all pages functional. Ready for:
1. Modal callback wiring (transaction logging, member invite, category CRUD)
2. Backend API integration testing
3. Phase 5 (QA testing)

Work committed to git and memory updated.
[?1006l[?1003l[?1002l[?1000l[>4m[<u[?1004l[?2031l[?2004l[?25h7[r8]0;[?25h/Users/tuan/MyGitHub/learning-vault/projects/nestfi/.pane_tasks/_run_FE_20260516_174609.sh: line 43: 84651 Terminated: 15          ( while :; do
    touch ".pane_heartbeats/${ROLE}.beat" 2> /dev/null || true; sleep 10;
done )
