**File Updated:** `memory/PM.md`

---

## Status: Blocked on user input

I'm ready to write the PRD, ROADMAP, and backlog, but **PRODUCT_IDEA.md is empty** — it contains only section headers with no actual content filled in.

**Filed Question:** `PM_20260516_170938`

I've asked the Orchestrator to get from you:
- Problem/pain point
- Target users  
- Product vision
- Core use cases
- Must-have features
- Constraints (budget, timeline, tech, compliance, deployment)
- Success metrics

Once you provide these details, the Orchestrator will route me back and I'll write:
- `docs/product/PRD.md`
- `docs/product/ROADMAP.md`
- `planning/OPEN_QUESTIONS.md`

Waiting for your answer.
[?1006l[?1003l[?1002l[?1000l[>4m[<u[?1004l[?2031l[?2004l[?25h7[r8]0;[?25h================================================================
 NOTIFICATION FILED (from PM)
================================================================
 Subject : Engine session exited (code=0) without an explicit completion notify. Check artifacts under role's output paths to verify status. (Auto-fired by framework safety net — worker may have legitimately finished without calling notify_orchestrator.sh, or may have crashed.)
 File    : .pane_notifications/PM_20260516_170948.md
 The Orchestrator will surface this on the next user turn via
   bash scripts/list_pending_questions.sh
================================================================
/Users/tuan/MyGitHub/learning-vault/projects/nestfi/.pane_tasks/_run_PM_20260516_170915.sh: line 43: 77481 Terminated: 15          ( while :; do
    touch ".pane_heartbeats/${ROLE}.beat" 2> /dev/null || true; sleep 10;
done )
