Perfect! I've completed the PM work. Here's a summary of files changed:

## Files Created/Updated

1. **docs/product/PRD.md** (created) — Comprehensive PRD with:
   - Executive summary and problem statement
   - Target personas and use cases
   - MVP feature set (must-haves) and nice-to-haves
   - Success metrics and constraints
   - Acceptance criteria for phase gates

2. **docs/product/ROADMAP.md** (created) — 8-week delivery timeline:
   - Phase 0 (Weeks 1-4): MVP core with 7 success criteria
   - Phase 1 (Weeks 5-6): Scaling & polish
   - Phase 2 (Weeks 7-8): Release candidate
   - Phase 3+: Feature expansion (v1.1-1.3+)

3. **planning/BACKLOG.md** (updated) — 22 MVP user stories:
   - 5 epics: Authentication, Transactions, Categories, Dashboard, Family Management
   - All stories have acceptance criteria and estimated story points (119 total)
   - Organized by priority (P0/P1) and MVP status

4. **planning/OPEN_QUESTIONS.md** (updated) — 10 questions:
   - 5 user clarifications (multi-currency, bill splitting, investment tracking, ML, permissions)
   - 5 technical/design items for SA and UX
   - Timeline for resolution mapped to project phases

5. **memory/PM.md** (updated) — Added session log entry documenting decisions and deliverables

The MVP scope is now locked and **ready for Phase 1_SOLUTION_DESIGN** where SA will design the architecture and confirm the tech stack with you.
[?1006l[?1003l[?1002l[?1000l[>4m[<u[?1004l[?2031l[?2004l[?25h7[r8]0;[?25h/Users/tuan/MyGitHub/learning-vault/projects/nestfi/.pane_tasks/_run_PM_20260516_172146.sh: line 43: 79476 Terminated: 15          ( while :; do
    touch ".pane_heartbeats/${ROLE}.beat" 2> /dev/null || true; sleep 10;
done )
