Excellent! I've completed the comprehensive TEST_PLAN.md for Phase 3. Here's a summary of what was delivered:

## Deliverables

**File Created:** `docs/qa/TEST_PLAN.md` (12 sections, ~2,500 lines)

### Key Components

1. **Test Strategy & Scope**
   - 37 user stories, 21 API endpoints, 6 frontend pages
   - Testing pyramid: 60% unit, 35% integration, 5% E2E

2. **Test Types & Breakdown**
   - **Unit Tests:** ~110 tests covering models, CRUD, auth, business logic, validation (70% coverage target)
   - **Integration Tests:** ~78 tests covering all 21 API endpoints (100% coverage)
   - **E2E Tests:** 3 critical user journeys (manual testing in Phase 5)

3. **Manual vs. Automated Split**
   - Automated (70%): All CRUD, auth, validation, API endpoints, RBAC, soft-delete
   - Manual (30%): UI flows (6h), email validation (3h), multi-browser (2h), edge cases (4h), data scenarios (2h), performance (2h)

4. **Bug Severity & Release Gate**
   - **CRITICAL/MAJOR:** Block release (must fix before ship)
   - **MINOR:** Soft warning allowed
   - **WONT_FIX:** Deferred to v2
   - Release blocked if any OPEN_CRITICAL, OPEN_MAJOR, or RETEST_FAIL exists

5. **Test Coverage & Acceptance Criteria**
   - 49+ test cases mapped to user stories
   - 11 acceptance checkboxes for Phase 5 exit gate
   - Performance targets: Dashboard <3s, pagination <1s

6. **Timeline**
   - Phase 4 (Build): 6-7 days, BE writes 110+ unit + 78 integration tests
   - Phase 5 (Test & Fix): 3 days (Day 1: 10h test+manual, Day 2: 8h fix+retest, Day 3: 4h validate)

7. **Risk Assessment** 
   - Email service unavailability (mock SMTP solution)
   - Soft-delete filter leak (critical risk: verify `deleted_at IS NULL` in all queries)
   - Permission bypass (comprehensive RBAC test matrix)
   - Token expiry (mock clock in tests)

8. **Exit Gate (Phase 5)**
   - 11 mandatory checkboxes covering coverage, endpoints, bugs, performance, audit, RBAC, errors

## Files Changed

- ✅ `docs/qa/TEST_PLAN.md` — Created (comprehensive test strategy document)
- ✅ `memory/QA.md` — Updated (appended work summary, conventions, gotchas, next steps)

## Notification

The Orchestrator has been notified via `.pane_notifications/QA_20260516_174523.md` that TEST_PLAN.md is complete and ready for Phase 4 (Build).
[?1006l[?1003l[?1002l[?1000l[>4m[<u[?1004l[?2031l[?2004l[?25h7[r8]0;[?25h/Users/tuan/MyGitHub/learning-vault/projects/nestfi/.pane_tasks/_run_QA_20260516_173918.sh: line 43: 83514 Terminated: 15          ( while :; do
    touch ".pane_heartbeats/${ROLE}.beat" 2> /dev/null || true; sleep 10;
done )
