Perfect! I've completed the UX design work for NestFi. Here's what was delivered:

## Files Created

1. **docs/product/UX_FLOW.md** (9.3K)
   - 7 detailed user journeys covering all core flows
   - Superadmin family creation → Owner onboarding → Member invitation → Transaction logging → Settings management → Multi-family navigation → Transaction ledger/search
   - Key principles applied: simplicity, transparency, role clarity

2. **docs/product/WIREFRAMES.md** (30K)
   - 9 wireframes with layout specs, components, and interactions
   - Key screens: login, family selector, dashboard, transaction modal, transaction ledger, settings tabs, member management, category management
   - Component specifications (colors, typography, buttons)
   - Navigation structure and responsive mobile considerations
   - Notes for frontend team on charts, real-time updates, and accessibility

3. **docs/product/DESIGN_NOTES.md** (19K)
   - Design philosophy: simplicity, transparency, collaboration
   - 8 key design decisions with rationale (lightweight form, family-owned categories, polling vs WebSocket, 3-tier permissions, etc.)
   - WCAG 2.1 AA accessibility targets and implementation details
   - Inclusive design language and interaction patterns
   - Design system baseline (spacing, colors, typography)
   - Design risks + mitigations
   - v2+ enhancement roadmap

## Key Highlights

- **5-field transaction form** minimizes friction for casual household use
- **Family-owned categories** ensure data consistency across members
- **3-tier permission model** (Superadmin / Owner / Member-Editor/Viewer) with clear boundaries
- **10s auto-refresh** balances real-time updates with infrastructure simplicity
- **WCAG AA compliance target** with specific implementation guidance for forms, charts, and keyboard navigation
- **Email-first verification** for security and international accessibility

The work is ready for FE feasibility review, and all artifacts are committed to memory for cross-session continuity.
[?1006l[?1003l[?1002l[?1000l[>4m[<u[?1004l[?2031l[?2004l[?25h7[r8]0;[?25h/Users/tuan/MyGitHub/learning-vault/projects/nestfi/.pane_tasks/_run_UX_20260516_172240.sh: line 43: 79844 Terminated: 15          ( while :; do
    touch ".pane_heartbeats/${ROLE}.beat" 2> /dev/null || true; sleep 10;
done )
